-15 -171
-15 -170
-15 -169
-15 170
-14 -171
-12 -172
-5 -154
-1 -161
-1 -160
0 -177
5 -163
5 -161
6 -163
13 144
14 145
15 -80
15 -79
15 -76
15 145
16 -170
16 145
16 146
17 -68
17 -67
17 -66
17 -65
17 145
18 -156
18 -76
18 -68
18 -67
18 -66
18 -65
18 145
19 -157
19 -156
19 -155
19 145
19 166
20 -158
20 -157
20 -156
20 144
20 145
21 -161
21 -160
21 -159
21 -158
21 -157
22 -161
22 -160
23 -167
23 -165
23 -162
24 -168
24 -167
24 -84
24 -83
24 -82
24 -81
25 -173
25 -172
25 -171
25 -168
25 -98
25 -82
25 -81
25 -80
26 -177
26 -174
26 -100
26 -99
26 -98
26 -83
26 -82
26 -81
27 -178
27 -176
27 -100
27 -99
27 -98
27 -97
27 -83
27 -82
27 -81
28 -179
28 -178
28 -177
28 -104
28 -101
28 -100
28 -99
28 -98
28 -97
28 -96
28 -92
28 -90
28 -84
28 -83
28 -82
28 -81
29 -105
29 -104
29 -103
29 -102
29 -101
29 -100
29 -99
29 -98
29 -97
29 -96
29 -95
29 -94
29 -93
29 -92
29 -91
29 -90
29 -89
29 -86
29 -85
29 -84
29 -83
29 -82
29 -81
30 -106
30 -105
30 -104
30 -103
30 -102
30 -101
30 -100
30 -99
30 -98
30 -97
30 -96
30 -95
30 -94
30 -93
30 -92
30 -91
30 -90
30 -89
30 -88
30 -87
30 -86
30 -85
30 -84
30 -83
30 -82
31 -115
31 -114
31 -113
31 -112
31 -111
31 -110
31 -109
31 -108
31 -107
31 -106
31 -105
31 -104
31 -103
31 -102
31 -101
31 -100
31 -99
31 -98
31 -97
31 -96
31 -95
31 -94
31 -93
31 -92
31 -91
31 -90
31 -89
31 -88
31 -87
31 -86
31 -85
31 -84
31 -83
31 -82
31 -81
32 -119
32 -118
32 -117
32 -116
32 -115
32 -114
32 -113
32 -112
32 -111
32 -110
32 -109
32 -108
32 -107
32 -106
32 -105
32 -104
32 -103
32 -102
32 -101
32 -100
32 -99
32 -98
32 -97
32 -96
32 -95
32 -94
32 -93
32 -92
32 -91
32 -90
32 -89
32 -88
32 -87
32 -86
32 -85
32 -84
32 -83
32 -82
32 -81
32 -80
33 -121
33 -120
33 -119
33 -118
33 -117
33 -116
33 -115
33 -114
33 -113
33 -112
33 -111
33 -110
33 -109
33 -108
33 -107
33 -106
33 -105
33 -104
33 -103
33 -102
33 -101
33 -100
33 -99
33 -98
33 -97
33 -96
33 -95
33 -94
33 -93
33 -92
33 -91
33 -90
33 -89
33 -88
33 -87
33 -86
33 -85
33 -84
33 -83
33 -82
33 -81
33 -80
33 -79
33 -78
34 -121
34 -120
34 -119
34 -118
34 -117
34 -116
34 -115
34 -114
34 -113
34 -112
34 -111
34 -110
34 -109
34 -108
34 -107
34 -106
34 -105
34 -104
34 -103
34 -102
34 -101
34 -100
34 -99
34 -98
34 -97
34 -96
34 -95
34 -94
34 -93
34 -92
34 -91
34 -90
34 -89
34 -88
34 -87
34 -86
34 -85
34 -84
34 -83
34 -82
34 -81
34 -80
34 -79
34 -78
34 -77
34 -76
35 -122
35 -121
35 -120
35 -119
35 -118
35 -117
35 -116
35 -115
35 -114
35 -113
35 -112
35 -111
35 -110
35 -109
35 -108
35 -107
35 -106
35 -105
35 -104
35 -103
35 -102
35 -101
35 -100
35 -99
35 -98
35 -97
35 -96
35 -95
35 -94
35 -93
35 -92
35 -91
35 -90
35 -89
35 -88
35 -87
35 -86
35 -85
35 -84
35 -83
35 -82
35 -81
35 -80
35 -79
35 -78
35 -77
35 -76
36 -123
36 -122
36 -121
36 -120
36 -119
36 -118
36 -117
36 -116
36 -115
36 -114
36 -113
36 -112
36 -111
36 -110
36 -109
36 -108
36 -107
36 -106
36 -105
36 -104
36 -103
36 -102
36 -101
36 -100
36 -99
36 -98
36 -97
36 -96
36 -95
36 -94
36 -93
36 -92
36 -91
36 -90
36 -89
36 -88
36 -87
36 -86
36 -85
36 -84
36 -83
36 -82
36 -81
36 -80
36 -79
36 -78
36 -77
36 -76
37 -124
37 -123
37 -122
37 -121
37 -120
37 -119
37 -118
37 -117
37 -116
37 -115
37 -114
37 -113
37 -112
37 -111
37 -110
37 -109
37 -108
37 -107
37 -106
37 -105
37 -104
37 -103
37 -102
37 -101
37 -100
37 -99
37 -98
37 -97
37 -96
37 -95
37 -94
37 -93
37 -92
37 -91
37 -90
37 -89
37 -88
37 -87
37 -86
37 -85
37 -84
37 -83
37 -82
37 -81
37 -80
37 -79
37 -78
37 -77
37 -76
37 -72
38 -124
38 -123
38 -122
38 -121
38 -120
38 -119
38 -118
38 -117
38 -116
38 -115
38 -114
38 -113
38 -112
38 -111
38 -110
38 -109
38 -108
38 -107
38 -106
38 -105
38 -104
38 -103
38 -102
38 -101
38 -100
38 -99
38 -98
38 -97
38 -96
38 -95
38 -94
38 -93
38 -92
38 -91
38 -90
38 -89
38 -88
38 -87
38 -86
38 -85
38 -84
38 -83
38 -82
38 -81
38 -80
38 -79
38 -78
38 -77
38 -76
38 -75
39 -125
39 -124
39 -123
39 -122
39 -121
39 -120
39 -119
39 -118
39 -117
39 -116
39 -115
39 -114
39 -113
39 -112
39 -111
39 -110
39 -109
39 -108
39 -107
39 -106
39 -105
39 -104
39 -103
39 -102
39 -101
39 -100
39 -99
39 -98
39 -97
39 -96
39 -95
39 -94
39 -93
39 -92
39 -91
39 -90
39 -89
39 -88
39 -87
39 -86
39 -85
39 -84
39 -83
39 -82
39 -81
39 -80
39 -79
39 -78
39 -77
39 -76
39 -75
40 -125
40 -124
40 -123
40 -122
40 -121
40 -120
40 -119
40 -118
40 -117
40 -116
40 -115
40 -114
40 -113
40 -112
40 -111
40 -110
40 -109
40 -108
40 -107
40 -106
40 -105
40 -104
40 -103
40 -102
40 -101
40 -100
40 -99
40 -98
40 -97
40 -96
40 -95
40 -94
40 -93
40 -92
40 -91
40 -90
40 -89
40 -88
40 -87
40 -86
40 -85
40 -84
40 -83
40 -82
40 -81
40 -80
40 -79
40 -78
40 -77
40 -76
40 -75
40 -74
40 -73
40 -71
41 -125
41 -124
41 -123
41 -122
41 -121
41 -120
41 -119
41 -118
41 -117
41 -116
41 -115
41 -114
41 -113
41 -112
41 -111
41 -110
41 -109
41 -108
41 -107
41 -106
41 -105
41 -104
41 -103
41 -102
41 -101
41 -100
41 -99
41 -98
41 -97
41 -96
41 -95
41 -94
41 -93
41 -92
41 -91
41 -90
41 -89
41 -88
41 -87
41 -86
41 -85
41 -84
41 -83
41 -82
41 -81
41 -80
41 -79
41 -78
41 -77
41 -76
41 -75
41 -74
41 -73
41 -72
41 -71
41 -70
41 -68
41 -67
42 -125
42 -124
42 -123
42 -122
42 -121
42 -120
42 -119
42 -118
42 -117
42 -116
42 -115
42 -114
42 -113
42 -112
42 -111
42 -110
42 -109
42 -108
42 -107
42 -106
42 -105
42 -104
42 -103
42 -102
42 -101
42 -100
42 -99
42 -98
42 -97
42 -96
42 -95
42 -94
42 -93
42 -92
42 -91
42 -90
42 -89
42 -88
42 -87
42 -86
42 -85
42 -84
42 -83
42 -82
42 -81
42 -80
42 -79
42 -78
42 -77
42 -76
42 -75
42 -74
42 -73
42 -72
42 -71
43 -125
43 -124
43 -123
43 -122
43 -121
43 -120
43 -119
43 -118
43 -117
43 -116
43 -115
43 -114
43 -113
43 -112
43 -111
43 -110
43 -109
43 -108
43 -107
43 -106
43 -105
43 -104
43 -103
43 -102
43 -101
43 -100
43 -99
43 -98
43 -97
43 -96
43 -95
43 -94
43 -93
43 -92
43 -91
43 -90
43 -89
43 -88
43 -87
43 -86
43 -85
43 -84
43 -83
43 -80
43 -79
43 -78
43 -77
43 -76
43 -75
43 -74
43 -73
43 -72
43 -71
43 -70
43 -69
44 -125
44 -124
44 -123
44 -122
44 -121
44 -120
44 -119
44 -118
44 -117
44 -116
44 -115
44 -114
44 -113
44 -112
44 -111
44 -110
44 -109
44 -108
44 -107
44 -106
44 -105
44 -104
44 -103
44 -102
44 -101
44 -100
44 -99
44 -98
44 -97
44 -96
44 -95
44 -94
44 -93
44 -92
44 -91
44 -90
44 -89
44 -88
44 -87
44 -86
44 -85
44 -84
44 -83
44 -77
44 -76
44 -75
44 -74
44 -73
44 -72
44 -71
44 -70
44 -69
44 -68
44 -67
45 -125
45 -124
45 -123
45 -122
45 -121
45 -120
45 -119
45 -118
45 -117
45 -116
45 -115
45 -114
45 -113
45 -112
45 -111
45 -110
45 -109
45 -108
45 -107
45 -106
45 -105
45 -104
45 -103
45 -102
45 -101
45 -100
45 -99
45 -98
45 -97
45 -96
45 -95
45 -94
45 -93
45 -92
45 -91
45 -90
45 -89
45 -88
45 -87
45 -86
45 -85
45 -84
45 -83
45 -75
45 -74
45 -73
45 -72
45 -71
45 -70
45 -69
45 -68
45 -67
46 -125
46 -124
46 -123
46 -122
46 -121
46 -120
46 -119
46 -118
46 -117
46 -116
46 -115
46 -114
46 -113
46 -112
46 -111
46 -110
46 -109
46 -108
46 -107
46 -106
46 -105
46 -104
46 -103
46 -102
46 -101
46 -100
46 -99
46 -98
46 -97
46 -96
46 -95
46 -94
46 -93
46 -92
46 -91
46 -90
46 -89
46 -88
46 -87
46 -86
46 -85
46 -84
46 -74
46 -71
46 -70
46 -69
46 -68
47 -125
47 -124
47 -123
47 -122
47 -121
47 -120
47 -119
47 -118
47 -117
47 -116
47 -115
47 -114
47 -113
47 -112
47 -111
47 -110
47 -109
47 -108
47 -107
47 -106
47 -105
47 -104
47 -103
47 -102
47 -101
47 -100
47 -99
47 -98
47 -97
47 -96
47 -95
47 -94
47 -93
47 -92
47 -91
47 -90
47 -89
47 -88
47 -70
47 -69
47 -68
48 -125
48 -124
48 -123
48 -122
48 -121
48 -120
48 -119
48 -118
48 -117
48 -116
48 -115
48 -114
48 -113
48 -112
48 -111
48 -110
48 -109
48 -108
48 -107
48 -106
48 -105
48 -104
48 -103
48 -102
48 -101
48 -100
48 -99
48 -98
48 -97
48 -96
48 -95
48 -94
48 -93
48 -92
48 -91
48 -90
48 -89
49 -124
49 -123
49 -122
49 -121
49 -120
49 -119
49 -118
49 -117
49 -116
49 -115
49 -114
49 -113
49 -112
49 -103
49 -101
49 -100
49 -99
49 -98
49 -96
49 -95
49 -65
50 -97
51 -180
51 -179
51 -178
51 -177
51 -176
51 -172
51 175
51 176
51 177
51 178
51 179
52 -178
52 -177
52 -176
52 -175
52 -174
52 -173
52 -172
52 -171
52 -170
52 -169
52 -151
52 172
52 173
52 174
52 175
52 176
52 177
52 178
52 179
53 -170
53 -169
53 -168
53 -167
53 171
53 172
54 -169
54 -167
54 -166
54 -165
54 -164
54 -163
54 -162
54 -161
54 -160
54 -134
54 -133
54 -132
54 -131
54 179
55 -173
55 -164
55 -163
55 -162
55 -161
55 -160
55 -159
55 -158
55 -157
55 -156
55 -135
55 -134
55 -133
55 -132
55 -131
55 -130
56 -170
56 -162
56 -161
56 -160
56 -159
56 -158
56 -157
56 -155
56 -154
56 -153
56 -147
56 -136
56 -135
56 -134
56 -133
56 -132
56 -131
57 -171
57 -170
57 -159
57 -158
57 -157
57 -156
57 -155
57 -154
57 -153
57 -137
57 -136
57 -135
57 -134
57 -133
58 -163
58 -162
58 -161
58 -160
58 -159
58 -158
58 -157
58 -156
58 -155
58 -154
58 -153
58 -152
58 -140
58 -139
58 -138
58 -137
58 -136
58 -135
58 -134
59 -168
59 -167
59 -166
59 -165
59 -164
59 -163
59 -162
59 -161
59 -160
59 -159
59 -158
59 -157
59 -156
59 -155
59 -154
59 -153
59 -152
59 -151
59 -150
59 -149
59 -148
59 -147
59 -146
59 -145
59 -144
59 -142
59 -141
59 -140
59 -139
59 -138
59 -137
59 -136
59 -135
60 -174
60 -173
60 -168
60 -167
60 -166
60 -165
60 -164
60 -163
60 -162
60 -161
60 -160
60 -159
60 -158
60 -157
60 -156
60 -155
60 -154
60 -153
60 -152
60 -151
60 -150
60 -149
60 -148
60 -147
60 -146
60 -145
60 -144
60 -143
60 -142
60 -141
60 -140
60 -136
61 -167
61 -166
61 -165
61 -164
61 -163
61 -162
61 -161
61 -160
61 -159
61 -158
61 -157
61 -156
61 -155
61 -154
61 -153
61 -152
61 -151
61 -150
61 -149
61 -148
61 -147
61 -146
61 -145
61 -144
61 -143
61 -142
61 -141
62 -170
62 -166
62 -165
62 -164
62 -163
62 -162
62 -161
62 -160
62 -159
62 -158
62 -157
62 -156
62 -155
62 -154
62 -153
62 -152
62 -151
62 -150
62 -149
62 -148
62 -147
62 -146
62 -145
62 -144
62 -143
62 -142
62 -141
63 -172
63 -171
63 -170
63 -169
63 -167
63 -165
63 -164
63 -163
63 -162
63 -161
63 -160
63 -159
63 -158
63 -157
63 -156
63 -155
63 -154
63 -153
63 -152
63 -151
63 -150
63 -149
63 -148
63 -147
63 -146
63 -145
63 -144
63 -143
63 -142
63 -141
63 -140
64 -169
64 -168
64 -167
64 -166
64 -165
64 -164
64 -163
64 -162
64 -161
64 -160
64 -159
64 -158
64 -157
64 -156
64 -155
64 -154
64 -153
64 -152
64 -151
64 -150
64 -149
64 -148
64 -147
64 -146
64 -145
64 -144
64 -143
64 -142
64 -141
65 -169
65 -168
65 -167
65 -166
65 -165
65 -164
65 -163
65 -162
65 -161
65 -160
65 -159
65 -158
65 -157
65 -156
65 -155
65 -154
65 -153
65 -152
65 -151
65 -150
65 -149
65 -148
65 -147
65 -146
65 -145
65 -144
65 -143
65 -142
66 -168
66 -167
66 -166
66 -165
66 -164
66 -163
66 -162
66 -161
66 -160
66 -159
66 -158
66 -157
66 -156
66 -155
66 -154
66 -153
66 -152
66 -151
66 -150
66 -149
66 -148
66 -147
66 -146
66 -145
66 -144
66 -143
66 -142
66 -141
67 -166
67 -165
67 -164
67 -163
67 -162
67 -161
67 -160
67 -159
67 -158
67 -157
67 -156
67 -155
67 -154
67 -153
67 -152
67 -151
67 -150
67 -149
67 -148
67 -147
67 -146
67 -145
67 -144
67 -143
67 -142
67 -140
68 -167
68 -166
68 -165
68 -164
68 -163
68 -162
68 -161
68 -160
68 -159
68 -158
68 -157
68 -156
68 -155
68 -154
68 -153
68 -152
68 -151
68 -150
68 -149
68 -148
68 -147
68 -146
68 -145
68 -144
68 -143
68 -142
68 -141
69 -164
69 -163
69 -162
69 -161
69 -160
69 -159
69 -158
69 -157
69 -156
69 -155
69 -154
69 -153
69 -152
69 -151
69 -150
69 -149
69 -148
69 -147
69 -146
69 -145
69 -144
69 -143
69 -142
69 -141
69 -140
70 -163
70 -162
70 -161
70 -160
70 -159
70 -158
70 -157
70 -156
70 -155
70 -154
70 -153
70 -152
70 -151
70 -150
70 -149
70 -148
70 -147
70 -146
70 -145
70 -144
70 -143
71 -158
71 -157
71 -156
71 -155
